14:15:35 **** Incremental Build of configuration Debug for project hw06 ****
make -j7 all 
Building file: ../src/main.c
Invoking: MCU GCC Compiler
/Users/yolandachen/Downloads/spring2022/ece362/hw06/Debug
arm-none-eabi-gcc -mcpu=cortex-m0 -mthumb -mfloat-abi=soft -DSTM32 -DSTM32F0 -DSTM32F091RCTx -DDEBUG -DSTM32F091 -DUSE_STDPERIPH_DRIVER -I"/Users/yolandachen/Downloads/spring2022/ece362/hw06/StdPeriph_Driver/inc" -I"/Users/yolandachen/Downloads/spring2022/ece362/hw06/inc" -I"/Users/yolandachen/Downloads/spring2022/ece362/hw06/CMSIS/device" -I"/Users/yolandachen/Downloads/spring2022/ece362/hw06/CMSIS/core" -O0 -g3 -Wall -fmessage-length=0 -ffunction-sections -c -MMD -MP -MF"src/main.d" -MT"src/main.o" -o "src/main.o" "../src/main.c"
../src/main.c: In function 'set_digit':
../src/main.c:42:29: warning: array subscript has type 'char' [-Wchar-subscripts]
     digit[n] = (n<<8) | font[c];
                             ^
../src/main.c: In function 'TIM7_IRQHandler':
../src/main.c:99:5: warning: implicit declaration of function 'sprintf' [-Wimplicit-function-declaration]
     sprintf(time, "%02d%02d%02d  ", hrs, min, sec);
     ^~~~~~~
../src/main.c:99:5: warning: incompatible implicit declaration of built-in function 'sprintf'
../src/main.c:99:5: note: include '<stdio.h>' or provide a declaration of 'sprintf'
../src/main.c:99:34: warning: 'sprintf' writing a terminating nul past the end of the destination [-Wformat-overflow=]
     sprintf(time, "%02d%02d%02d  ", hrs, min, sec);
                                  ^
../src/main.c:99:5: note: 'sprintf' output between 9 and 36 bytes into a destination of size 8
     sprintf(time, "%02d%02d%02d  ", hrs, min, sec);
     ^~~~~~~~~~~~~~~~~~~~~~~~~~~~~~~~~~~~~~~~~~~~~~
Finished building: ../src/main.c
 
Building target: hw06.elf
Invoking: MCU GCC Linker
arm-none-eabi-gcc -mcpu=cortex-m0 -mthumb -mfloat-abi=soft -T"/Users/yolandachen/Downloads/spring2022/ece362/hw06/LinkerScript.ld" -Wl,-Map=output.map -Wl,--gc-sections -o "hw06.elf" @"objects.list"   -lm
Finished building target: hw06.elf
 
/Library/Developer/CommandLineTools/usr/bin/make --no-print-directory post-build
Generating binary and Printing size information:
arm-none-eabi-objcopy -O binary "hw06.elf" "hw06.bin"
arm-none-eabi-size "hw06.elf"
   text	   data	    bss	    dec	    hex	filename
  28992	   2500	   1224	  32716	   7fcc	hw06.elf
 

14:15:36 Build Finished (took 661ms)

